
Allocating common symbols
Common symbol       size              file

thread_ready_list   0x10              chapter9/build/thread.o
thread_all_list     0x10              chapter9/build/thread.o
user_pool           0x10              chapter9/build/memory.o
intr_name           0x84              chapter9/build/interrupt.o
main_thread         0x4               chapter9/build/thread.o
ticks               0x4               chapter9/build/timer.o
kernel_vaddr        0xc               chapter9/build/memory.o
idt_table           0x84              chapter9/build/interrupt.o
kernel_pool         0x10              chapter9/build/memory.o

Discarded input sections

 .note.GNU-stack
                0x0000000000000000        0x0 chapter9/build/main.o
 .note.GNU-stack
                0x0000000000000000        0x0 chapter9/build/init.o
 .note.GNU-stack
                0x0000000000000000        0x0 chapter9/build/interrupt.o
 .note.GNU-stack
                0x0000000000000000        0x0 chapter9/build/timer.o
 .note.GNU-stack
                0x0000000000000000        0x0 chapter9/build/debug.o
 .note.GNU-stack
                0x0000000000000000        0x0 chapter9/build/string.o
 .note.GNU-stack
                0x0000000000000000        0x0 chapter9/build/bitmap.o
 .note.GNU-stack
                0x0000000000000000        0x0 chapter9/build/memory.o
 .note.GNU-stack
                0x0000000000000000        0x0 chapter9/build/list.o
 .note.GNU-stack
                0x0000000000000000        0x0 chapter9/build/thread.o

Memory Configuration

Name             Origin             Length             Attributes
*default*        0x0000000000000000 0xffffffffffffffff

Linker script and memory map

Address of section .text set to 0xc0001500
LOAD chapter9/build/main.o
LOAD chapter9/build/init.o
LOAD chapter9/build/interrupt.o
LOAD chapter9/build/timer.o
LOAD chapter9/build/kernel.o
LOAD chapter9/build/print.o
LOAD chapter9/build/debug.o
LOAD chapter9/build/string.o
LOAD chapter9/build/bitmap.o
LOAD chapter9/build/memory.o
LOAD chapter9/build/list.o
LOAD chapter9/build/thread.o
LOAD chapter9/build/switch.o
                [!provide]                        PROVIDE (__executable_start, 0x8048000)
                0x0000000008048094                . = (0x8048000 + SIZEOF_HEADERS)

.interp
 *(.interp)

.note.gnu.build-id
 *(.note.gnu.build-id)

.hash
 *(.hash)

.gnu.hash
 *(.gnu.hash)

.dynsym
 *(.dynsym)

.dynstr
 *(.dynstr)

.gnu.version
 *(.gnu.version)

.gnu.version_d
 *(.gnu.version_d)

.gnu.version_r
 *(.gnu.version_r)

.rel.dyn        0x0000000008048094        0x0
 *(.rel.init)
 *(.rel.text .rel.text.* .rel.gnu.linkonce.t.*)
 .rel.text      0x0000000008048094        0x0 chapter9/build/main.o
 *(.rel.fini)
 *(.rel.rodata .rel.rodata.* .rel.gnu.linkonce.r.*)
 *(.rel.data.rel.ro .rel.data.rel.ro.* .rel.gnu.linkonce.d.rel.ro.*)
 *(.rel.data .rel.data.* .rel.gnu.linkonce.d.*)
 *(.rel.tdata .rel.tdata.* .rel.gnu.linkonce.td.*)
 *(.rel.tbss .rel.tbss.* .rel.gnu.linkonce.tb.*)
 *(.rel.ctors)
 *(.rel.dtors)
 *(.rel.got)
 *(.rel.bss .rel.bss.* .rel.gnu.linkonce.b.*)
 *(.rel.ifunc)

.rel.plt        0x0000000008048094        0x0
 *(.rel.plt)
                [!provide]                        PROVIDE (__rel_iplt_start, .)
 *(.rel.iplt)
                [!provide]                        PROVIDE (__rel_iplt_end, .)

.init
 *(SORT(.init))

.plt
 *(.plt)
 *(.iplt)

.plt.got
 *(.plt.got)

.text           0x00000000c0001500     0x1eef
 *(.text.unlikely .text.*_unlikely .text.unlikely.*)
 *(.text.exit .text.exit.*)
 *(.text.startup .text.startup.*)
 *(.text.hot .text.hot.*)
 *(.text .stub .text.* .gnu.linkonce.t.*)
 .text          0x00000000c0001500       0xcf chapter9/build/main.o
                0x00000000c0001500                main
                0x00000000c0001575                k_thread_a
                0x00000000c00015a2                k_thread_b
 .text          0x00000000c00015cf       0x28 chapter9/build/init.o
                0x00000000c00015cf                init_all
 .text          0x00000000c00015f7      0x444 chapter9/build/interrupt.o
                0x00000000c0001947                idt_init
                0x00000000c0001992                intr_enable
                0x00000000c00019b8                intr_disable
                0x00000000c00019dd                intr_set_status
                0x00000000c00019fb                intr_get_status
                0x00000000c0001a1f                register_handler
 .text          0x00000000c0001a3b      0x18e chapter9/build/timer.o
                0x00000000c0001b69                timer_init
 *fill*         0x00000000c0001bc9        0x7 
 .text          0x00000000c0001bd0      0x39d chapter9/build/kernel.o
                0x00000000c0001bd0                intr_exit
 *fill*         0x00000000c0001f6d        0x3 
 .text          0x00000000c0001f70      0x171 chapter9/build/print.o
                0x00000000c0001f70                put_char
                0x00000000c000203d                put_str
                0x00000000c000205b                put_int
                0x00000000c00020be                set_cursor
 .text          0x00000000c00020e1       0xa5 chapter9/build/debug.o
                0x00000000c00020e1                panic_spin
 .text          0x00000000c0002186      0x450 chapter9/build/string.o
                0x00000000c0002186                memset
                0x00000000c00021e2                memcpy
                0x00000000c000224e                memcmp
                0x00000000c00022de                strcpy
                0x00000000c0002340                strlen
                0x00000000c0002396                strcmp
                0x00000000c0002427                strchr
                0x00000000c000248c                strrchr
                0x00000000c00024f5                strcat
                0x00000000c0002569                strchrs
 .text          0x00000000c00025d6      0x235 chapter9/build/bitmap.o
                0x00000000c00025d6                bitmap_init
                0x00000000c00025fd                bitmap_scan_test
                0x00000000c000263d                bitmap_scan
                0x00000000c0002750                bitmap_set
 .text          0x00000000c000280b      0x5db chapter9/build/memory.o
                0x00000000c00029c1                mem_init
                0x00000000c0002cc1                malloc_page
                0x00000000c0002d8b                get_kernel_pages
 .text          0x00000000c0002de6      0x1e3 chapter9/build/list.o
                0x00000000c0002de6                list_init
                0x00000000c0002e13                list_insert_before
                0x00000000c0002e54                list_push
                0x00000000c0002e71                list_append
                0x00000000c0002e8e                list_remove
                0x00000000c0002ec4                list_pop
                0x00000000c0002ee3                elem_find
                0x00000000c0002f1e                list_traversal
                0x00000000c0002f7b                list_len
                0x00000000c0002fb0                list_empty
 .text          0x00000000c0002fc9      0x426 chapter9/build/thread.o
                0x00000000c0002fe1                init_thread
                0x00000000c000307c                thread_create
                0x00000000c00030f0                thread_start
                0x00000000c00031e4                running_thread
                0x00000000c0003280                schedule
                0x00000000c00033b2                thread_init
 *(.gnu.warning)

.fini
 *(SORT(.fini))
                [!provide]                        PROVIDE (__etext, .)
                [!provide]                        PROVIDE (_etext, .)
                [!provide]                        PROVIDE (etext, .)

.rodata         0x00000000c00033f0      0x7be
 *(.rodata .rodata.* .gnu.linkonce.r.*)
 .rodata        0x00000000c00033f0       0x24 chapter9/build/main.o
 .rodata        0x00000000c0003414        0xb chapter9/build/init.o
 *fill*         0x00000000c000341f        0x1 
 .rodata        0x00000000c0003420      0x2d3 chapter9/build/interrupt.o
 *fill*         0x00000000c00036f3        0x1 
 .rodata        0x00000000c00036f4       0x74 chapter9/build/timer.o
 .rodata        0x00000000c0003768       0x3e chapter9/build/debug.o
 .rodata        0x00000000c00037a6       0xac chapter9/build/string.o
 .rodata        0x00000000c0003852       0x41 chapter9/build/bitmap.o
 *fill*         0x00000000c0003893        0x1 
 .rodata        0x00000000c0003894      0x19a chapter9/build/memory.o
 *fill*         0x00000000c0003a2e        0x2 
 .rodata        0x00000000c0003a30      0x17e chapter9/build/thread.o

.text:          0x00000000c0003bae       0x15
 .text:         0x00000000c0003bae       0x15 chapter9/build/switch.o
                0x00000000c0003bae                switch_to

.rodata1
 *(.rodata1)

.eh_frame_hdr
 *(.eh_frame_hdr)
 *(.eh_frame_entry .eh_frame_entry.*)

.eh_frame       0x00000000c0003bc4      0x7e0
 *(.eh_frame)
 .eh_frame      0x00000000c0003bc4       0x6c chapter9/build/main.o
 .eh_frame      0x00000000c0003c30       0x20 chapter9/build/init.o
                                         0x38 (size before relaxing)
 .eh_frame      0x00000000c0003c50      0x180 chapter9/build/interrupt.o
                                        0x198 (size before relaxing)
 .eh_frame      0x00000000c0003dd0       0x8c chapter9/build/timer.o
                                         0xa4 (size before relaxing)
 .eh_frame      0x00000000c0003e5c       0x1c chapter9/build/debug.o
                                         0x34 (size before relaxing)
 .eh_frame      0x00000000c0003e78      0x140 chapter9/build/string.o
                                        0x158 (size before relaxing)
 .eh_frame      0x00000000c0003fb8       0x8c chapter9/build/bitmap.o
                                         0xa4 (size before relaxing)
 .eh_frame      0x00000000c0004044      0x120 chapter9/build/memory.o
                                        0x138 (size before relaxing)
 .eh_frame      0x00000000c0004164      0x140 chapter9/build/list.o
                                        0x158 (size before relaxing)
 .eh_frame      0x00000000c00042a4      0x100 chapter9/build/thread.o
                                        0x118 (size before relaxing)
 *(.eh_frame.*)

.gcc_except_table
 *(.gcc_except_table .gcc_except_table.*)

.gnu_extab
 *(.gnu_extab*)

.exception_ranges
 *(.exception_ranges .exception_ranges*)
                0x00000000c0006000                . = DATA_SEGMENT_ALIGN (0x1000, 0x1000)

.eh_frame
 *(.eh_frame)
 *(.eh_frame.*)

.gnu_extab
 *(.gnu_extab)

.gcc_except_table
 *(.gcc_except_table .gcc_except_table.*)

.exception_ranges
 *(.exception_ranges .exception_ranges*)

.tdata
 *(.tdata .tdata.* .gnu.linkonce.td.*)

.tbss
 *(.tbss .tbss.* .gnu.linkonce.tb.*)
 *(.tcommon)

.preinit_array  0x00000000c0006000        0x0
                [!provide]                        PROVIDE (__preinit_array_start, .)
 *(.preinit_array)
                [!provide]                        PROVIDE (__preinit_array_end, .)

.init_array     0x00000000c0006000        0x0
                [!provide]                        PROVIDE (__init_array_start, .)
 *(SORT(.init_array.*) SORT(.ctors.*))
 *(.init_array EXCLUDE_FILE(*crtend?.o *crtend.o *crtbegin?.o *crtbegin.o) .ctors)
                [!provide]                        PROVIDE (__init_array_end, .)

.fini_array     0x00000000c0006000        0x0
                [!provide]                        PROVIDE (__fini_array_start, .)
 *(SORT(.fini_array.*) SORT(.dtors.*))
 *(.fini_array EXCLUDE_FILE(*crtend?.o *crtend.o *crtbegin?.o *crtbegin.o) .dtors)
                [!provide]                        PROVIDE (__fini_array_end, .)

.ctors
 *crtbegin.o(.ctors)
 *crtbegin?.o(.ctors)
 *(EXCLUDE_FILE(*crtend?.o *crtend.o) .ctors)
 *(SORT(.ctors.*))
 *(.ctors)

.dtors
 *crtbegin.o(.dtors)
 *crtbegin?.o(.dtors)
 *(EXCLUDE_FILE(*crtend?.o *crtend.o) .dtors)
 *(SORT(.dtors.*))
 *(.dtors)

.jcr
 *(.jcr)

.data.rel.ro
 *(.data.rel.ro.local* .gnu.linkonce.d.rel.ro.local.*)
 *(.data.rel.ro .data.rel.ro.* .gnu.linkonce.d.rel.ro.*)

.dynamic
 *(.dynamic)

.got
 *(.got)
 *(.igot)
                0x00000000c0006000                . = DATA_SEGMENT_RELRO_END (., (SIZEOF (.got.plt) >= 0xc)?0xc:0x0)

.got.plt        0x00000000c0006000        0x0
 *(.got.plt)
 *(.igot.plt)

.data           0x00000000c0006000       0xa0
 *(.data .data.* .gnu.linkonce.d.*)
 .data          0x00000000c0006000        0x0 chapter9/build/main.o
 .data          0x00000000c0006000        0x0 chapter9/build/init.o
 .data          0x00000000c0006000        0x0 chapter9/build/interrupt.o
 .data          0x00000000c0006000        0x0 chapter9/build/timer.o
 .data          0x00000000c0006000       0x98 chapter9/build/kernel.o
                0x00000000c0006014                intr_entry_table
 .data          0x00000000c0006098        0x8 chapter9/build/print.o
 .data          0x00000000c00060a0        0x0 chapter9/build/debug.o
 .data          0x00000000c00060a0        0x0 chapter9/build/string.o
 .data          0x00000000c00060a0        0x0 chapter9/build/bitmap.o
 .data          0x00000000c00060a0        0x0 chapter9/build/memory.o
 .data          0x00000000c00060a0        0x0 chapter9/build/list.o
 .data          0x00000000c00060a0        0x0 chapter9/build/thread.o

.data1
 *(.data1)
                0x00000000c00060a0                _edata = .
                [!provide]                        PROVIDE (edata, .)
                0x00000000c00060a0                . = .
                0x00000000c00060a0                __bss_start = .

.bss            0x00000000c00060a0      0x298
 *(.dynbss)
 *(.bss .bss.* .gnu.linkonce.b.*)
 .bss           0x00000000c00060a0        0x0 chapter9/build/main.o
 .bss           0x00000000c00060a0        0x0 chapter9/build/init.o
 .bss           0x00000000c00060a0      0x108 chapter9/build/interrupt.o
 .bss           0x00000000c00061a8        0x0 chapter9/build/timer.o
 .bss           0x00000000c00061a8        0x0 chapter9/build/debug.o
 .bss           0x00000000c00061a8        0x0 chapter9/build/string.o
 .bss           0x00000000c00061a8        0x0 chapter9/build/bitmap.o
 .bss           0x00000000c00061a8        0x0 chapter9/build/memory.o
 .bss           0x00000000c00061a8        0x0 chapter9/build/list.o
 .bss           0x00000000c00061a8        0x4 chapter9/build/thread.o
 *(COMMON)
 *fill*         0x00000000c00061ac       0x14 
 COMMON         0x00000000c00061c0      0x124 chapter9/build/interrupt.o
                0x00000000c00061c0                intr_name
                0x00000000c0006260                idt_table
 COMMON         0x00000000c00062e4        0x4 chapter9/build/timer.o
                0x00000000c00062e4                ticks
 COMMON         0x00000000c00062e8       0x2c chapter9/build/memory.o
                0x00000000c00062e8                user_pool
                0x00000000c00062f8                kernel_vaddr
                0x00000000c0006304                kernel_pool
 COMMON         0x00000000c0006314       0x24 chapter9/build/thread.o
                0x00000000c0006314                thread_ready_list
                0x00000000c0006324                thread_all_list
                0x00000000c0006334                main_thread
                0x00000000c0006338                . = ALIGN ((. != 0x0)?0x4:0x1)
                0x00000000c0006338                . = ALIGN (0x4)
                0x00000000c0006338                . = SEGMENT_START ("ldata-segment", .)
                0x00000000c0006338                . = ALIGN (0x4)
                0x00000000c0006338                _end = .
                [!provide]                        PROVIDE (end, .)
                0x00000000c0006338                . = DATA_SEGMENT_END (.)

.stab
 *(.stab)

.stabstr
 *(.stabstr)

.stab.excl
 *(.stab.excl)

.stab.exclstr
 *(.stab.exclstr)

.stab.index
 *(.stab.index)

.stab.indexstr
 *(.stab.indexstr)

.comment        0x0000000000000000       0x2d
 *(.comment)
 .comment       0x0000000000000000       0x2d chapter9/build/main.o
                                         0x2e (size before relaxing)
 .comment       0x000000000000002d       0x2e chapter9/build/init.o
 .comment       0x000000000000002d       0x2e chapter9/build/interrupt.o
 .comment       0x000000000000002d       0x2e chapter9/build/timer.o
 .comment       0x000000000000002d       0x2e chapter9/build/debug.o
 .comment       0x000000000000002d       0x2e chapter9/build/string.o
 .comment       0x000000000000002d       0x2e chapter9/build/bitmap.o
 .comment       0x000000000000002d       0x2e chapter9/build/memory.o
 .comment       0x000000000000002d       0x2e chapter9/build/list.o
 .comment       0x000000000000002d       0x2e chapter9/build/thread.o

.debug
 *(.debug)

.line
 *(.line)

.debug_srcinfo
 *(.debug_srcinfo)

.debug_sfnames
 *(.debug_sfnames)

.debug_aranges
 *(.debug_aranges)

.debug_pubnames
 *(.debug_pubnames)

.debug_info
 *(.debug_info .gnu.linkonce.wi.*)

.debug_abbrev
 *(.debug_abbrev)

.debug_line
 *(.debug_line .debug_line.* .debug_line_end)

.debug_frame
 *(.debug_frame)

.debug_str
 *(.debug_str)

.debug_loc
 *(.debug_loc)

.debug_macinfo
 *(.debug_macinfo)

.debug_weaknames
 *(.debug_weaknames)

.debug_funcnames
 *(.debug_funcnames)

.debug_typenames
 *(.debug_typenames)

.debug_varnames
 *(.debug_varnames)

.debug_pubtypes
 *(.debug_pubtypes)

.debug_ranges
 *(.debug_ranges)

.debug_macro
 *(.debug_macro)

.gnu.attributes
 *(.gnu.attributes)

/DISCARD/
 *(.note.GNU-stack)
 *(.gnu_debuglink)
 *(.gnu.lto_*)
OUTPUT(chapter9/build/kernel.bin elf32-i386)
