
Allocating common symbols
Common symbol       size              file

user_pool           0x10              chapter8/build/memory.o
intr_name           0x84              chapter8/build/interrupt.o
kernel_vaddr        0xc               chapter8/build/memory.o
idt_table           0x84              chapter8/build/interrupt.o
kernel_pool         0x10              chapter8/build/memory.o

Discarded input sections

 .note.GNU-stack
                0x0000000000000000        0x0 chapter8/build/main.o
 .note.GNU-stack
                0x0000000000000000        0x0 chapter8/build/init.o
 .note.GNU-stack
                0x0000000000000000        0x0 chapter8/build/interrupt.o
 .note.GNU-stack
                0x0000000000000000        0x0 chapter8/build/timer.o
 .note.GNU-stack
                0x0000000000000000        0x0 chapter8/build/debug.o
 .note.GNU-stack
                0x0000000000000000        0x0 chapter8/build/string.o
 .note.GNU-stack
                0x0000000000000000        0x0 chapter8/build/bitmap.o
 .note.GNU-stack
                0x0000000000000000        0x0 chapter8/build/memory.o

Memory Configuration

Name             Origin             Length             Attributes
*default*        0x0000000000000000 0xffffffffffffffff

Linker script and memory map

Address of section .text set to 0xc0001500
LOAD chapter8/build/main.o
LOAD chapter8/build/init.o
LOAD chapter8/build/interrupt.o
LOAD chapter8/build/timer.o
LOAD chapter8/build/kernel.o
LOAD chapter8/build/print.o
LOAD chapter8/build/debug.o
LOAD chapter8/build/string.o
LOAD chapter8/build/bitmap.o
LOAD chapter8/build/memory.o
                [!provide]                        PROVIDE (__executable_start, 0x8048000)
                0x0000000008048094                . = (0x8048000 + SIZEOF_HEADERS)

.interp
 *(.interp)

.note.gnu.build-id
 *(.note.gnu.build-id)

.hash
 *(.hash)

.gnu.hash
 *(.gnu.hash)

.dynsym
 *(.dynsym)

.dynstr
 *(.dynstr)

.gnu.version
 *(.gnu.version)

.gnu.version_d
 *(.gnu.version_d)

.gnu.version_r
 *(.gnu.version_r)

.rel.dyn        0x0000000008048094        0x0
 *(.rel.init)
 *(.rel.text .rel.text.* .rel.gnu.linkonce.t.*)
 .rel.text      0x0000000008048094        0x0 chapter8/build/main.o
 *(.rel.fini)
 *(.rel.rodata .rel.rodata.* .rel.gnu.linkonce.r.*)
 *(.rel.data.rel.ro .rel.data.rel.ro.* .rel.gnu.linkonce.d.rel.ro.*)
 *(.rel.data .rel.data.* .rel.gnu.linkonce.d.*)
 *(.rel.tdata .rel.tdata.* .rel.gnu.linkonce.td.*)
 *(.rel.tbss .rel.tbss.* .rel.gnu.linkonce.tb.*)
 *(.rel.ctors)
 *(.rel.dtors)
 *(.rel.got)
 *(.rel.bss .rel.bss.* .rel.gnu.linkonce.b.*)
 *(.rel.ifunc)

.rel.plt        0x0000000008048094        0x0
 *(.rel.plt)
                [!provide]                        PROVIDE (__rel_iplt_start, .)
 *(.rel.iplt)
                [!provide]                        PROVIDE (__rel_iplt_end, .)

.init
 *(SORT(.init))

.plt
 *(.plt)
 *(.iplt)

.plt.got
 *(.plt.got)

.text           0x00000000c0001500     0x1713
 *(.text.unlikely .text.*_unlikely .text.unlikely.*)
 *(.text.exit .text.exit.*)
 *(.text.startup .text.startup.*)
 *(.text.hot .text.hot.*)
 *(.text .stub .text.* .gnu.linkonce.t.*)
 .text          0x00000000c0001500       0x5c chapter8/build/main.o
                0x00000000c0001500                main
 .text          0x00000000c000155c       0x23 chapter8/build/init.o
                0x00000000c000155c                init_all
 .text          0x00000000c000157f      0x39b chapter8/build/interrupt.o
                0x00000000c000183b                idt_init
                0x00000000c0001886                intr_enable
                0x00000000c00018af                intr_disable
                0x00000000c00018d8                intr_set_status
                0x00000000c00018f6                intr_get_status
 .text          0x00000000c000191a       0xfb chapter8/build/timer.o
                0x00000000c00019c9                timer_init
 *fill*         0x00000000c0001a15        0xb 
 .text          0x00000000c0001a20      0x39d chapter8/build/kernel.o
                0x00000000c0001a20                intr_exit
 *fill*         0x00000000c0001dbd        0x3 
 .text          0x00000000c0001dc0      0x14e chapter8/build/print.o
                0x00000000c0001dc0                put_char
                0x00000000c0001e8d                put_str
                0x00000000c0001eab                put_int
 .text          0x00000000c0001f0e       0xa5 chapter8/build/debug.o
                0x00000000c0001f0e                panic_spin
 .text          0x00000000c0001fb3      0x450 chapter8/build/string.o
                0x00000000c0001fb3                memset
                0x00000000c000200f                memcpy
                0x00000000c000207b                memcmp
                0x00000000c000210b                strcpy
                0x00000000c000216d                strlen
                0x00000000c00021c3                strcmp
                0x00000000c0002254                strchr
                0x00000000c00022b9                strrchr
                0x00000000c0002322                strcat
                0x00000000c0002396                strchrs
 .text          0x00000000c0002403      0x235 chapter8/build/bitmap.o
                0x00000000c0002403                bitmap_init
                0x00000000c000242a                bitmap_scan_test
                0x00000000c000246a                bitmap_scan
                0x00000000c000257d                bitmap_set
 .text          0x00000000c0002638      0x5db chapter8/build/memory.o
                0x00000000c00027ee                mem_init
                0x00000000c0002aee                malloc_page
                0x00000000c0002bb8                get_kernel_pages
 *(.gnu.warning)

.fini
 *(SORT(.fini))
                [!provide]                        PROVIDE (__etext, .)
                [!provide]                        PROVIDE (_etext, .)
                [!provide]                        PROVIDE (etext, .)

.rodata         0x00000000c0002c14      0x5aa
 *(.rodata .rodata.* .gnu.linkonce.r.*)
 .rodata        0x00000000c0002c14       0x4b chapter8/build/main.o
 .rodata        0x00000000c0002c5f        0xb chapter8/build/init.o
 *fill*         0x00000000c0002c6a        0x2 
 .rodata        0x00000000c0002c6c      0x267 chapter8/build/interrupt.o
 .rodata        0x00000000c0002ed3       0x25 chapter8/build/timer.o
 .rodata        0x00000000c0002ef8       0x3e chapter8/build/debug.o
 .rodata        0x00000000c0002f36       0xac chapter8/build/string.o
 .rodata        0x00000000c0002fe2       0x41 chapter8/build/bitmap.o
 *fill*         0x00000000c0003023        0x1 
 .rodata        0x00000000c0003024      0x19a chapter8/build/memory.o

.rodata1
 *(.rodata1)

.eh_frame_hdr
 *(.eh_frame_hdr)
 *(.eh_frame_entry .eh_frame_entry.*)

.eh_frame       0x00000000c00031c0      0x528
 *(.eh_frame)
 .eh_frame      0x00000000c00031c0       0x34 chapter8/build/main.o
 .eh_frame      0x00000000c00031f4       0x20 chapter8/build/init.o
                                         0x38 (size before relaxing)
 .eh_frame      0x00000000c0003214      0x160 chapter8/build/interrupt.o
                                        0x178 (size before relaxing)
 .eh_frame      0x00000000c0003374       0x6c chapter8/build/timer.o
                                         0x84 (size before relaxing)
 .eh_frame      0x00000000c00033e0       0x1c chapter8/build/debug.o
                                         0x34 (size before relaxing)
 .eh_frame      0x00000000c00033fc      0x140 chapter8/build/string.o
                                        0x158 (size before relaxing)
 .eh_frame      0x00000000c000353c       0x8c chapter8/build/bitmap.o
                                         0xa4 (size before relaxing)
 .eh_frame      0x00000000c00035c8      0x120 chapter8/build/memory.o
                                        0x138 (size before relaxing)
 *(.eh_frame.*)

.gcc_except_table
 *(.gcc_except_table .gcc_except_table.*)

.gnu_extab
 *(.gnu_extab*)

.exception_ranges
 *(.exception_ranges .exception_ranges*)
                0x00000000c0005000                . = DATA_SEGMENT_ALIGN (0x1000, 0x1000)

.eh_frame
 *(.eh_frame)
 *(.eh_frame.*)

.gnu_extab
 *(.gnu_extab)

.gcc_except_table
 *(.gcc_except_table .gcc_except_table.*)

.exception_ranges
 *(.exception_ranges .exception_ranges*)

.tdata
 *(.tdata .tdata.* .gnu.linkonce.td.*)

.tbss
 *(.tbss .tbss.* .gnu.linkonce.tb.*)
 *(.tcommon)

.preinit_array  0x00000000c0005000        0x0
                [!provide]                        PROVIDE (__preinit_array_start, .)
 *(.preinit_array)
                [!provide]                        PROVIDE (__preinit_array_end, .)

.init_array     0x00000000c0005000        0x0
                [!provide]                        PROVIDE (__init_array_start, .)
 *(SORT(.init_array.*) SORT(.ctors.*))
 *(.init_array EXCLUDE_FILE(*crtend?.o *crtend.o *crtbegin?.o *crtbegin.o) .ctors)
                [!provide]                        PROVIDE (__init_array_end, .)

.fini_array     0x00000000c0005000        0x0
                [!provide]                        PROVIDE (__fini_array_start, .)
 *(SORT(.fini_array.*) SORT(.dtors.*))
 *(.fini_array EXCLUDE_FILE(*crtend?.o *crtend.o *crtbegin?.o *crtbegin.o) .dtors)
                [!provide]                        PROVIDE (__fini_array_end, .)

.ctors
 *crtbegin.o(.ctors)
 *crtbegin?.o(.ctors)
 *(EXCLUDE_FILE(*crtend?.o *crtend.o) .ctors)
 *(SORT(.ctors.*))
 *(.ctors)

.dtors
 *crtbegin.o(.dtors)
 *crtbegin?.o(.dtors)
 *(EXCLUDE_FILE(*crtend?.o *crtend.o) .dtors)
 *(SORT(.dtors.*))
 *(.dtors)

.jcr
 *(.jcr)

.data.rel.ro
 *(.data.rel.ro.local* .gnu.linkonce.d.rel.ro.local.*)
 *(.data.rel.ro .data.rel.ro.* .gnu.linkonce.d.rel.ro.*)

.dynamic
 *(.dynamic)

.got
 *(.got)
 *(.igot)
                0x00000000c0005000                . = DATA_SEGMENT_RELRO_END (., (SIZEOF (.got.plt) >= 0xc)?0xc:0x0)

.got.plt        0x00000000c0005000        0x0
 *(.got.plt)
 *(.igot.plt)

.data           0x00000000c0005000       0xa0
 *(.data .data.* .gnu.linkonce.d.*)
 .data          0x00000000c0005000        0x0 chapter8/build/main.o
 .data          0x00000000c0005000        0x0 chapter8/build/init.o
 .data          0x00000000c0005000        0x0 chapter8/build/interrupt.o
 .data          0x00000000c0005000        0x0 chapter8/build/timer.o
 .data          0x00000000c0005000       0x98 chapter8/build/kernel.o
                0x00000000c0005014                intr_entry_table
 .data          0x00000000c0005098        0x8 chapter8/build/print.o
 .data          0x00000000c00050a0        0x0 chapter8/build/debug.o
 .data          0x00000000c00050a0        0x0 chapter8/build/string.o
 .data          0x00000000c00050a0        0x0 chapter8/build/bitmap.o
 .data          0x00000000c00050a0        0x0 chapter8/build/memory.o

.data1
 *(.data1)
                0x00000000c00050a0                _edata = .
                [!provide]                        PROVIDE (edata, .)
                0x00000000c00050a0                . = .
                0x00000000c00050a0                __bss_start = .

.bss            0x00000000c00050a0      0x270
 *(.dynbss)
 *(.bss .bss.* .gnu.linkonce.b.*)
 .bss           0x00000000c00050a0        0x0 chapter8/build/main.o
 .bss           0x00000000c00050a0        0x0 chapter8/build/init.o
 .bss           0x00000000c00050a0      0x108 chapter8/build/interrupt.o
 .bss           0x00000000c00051a8        0x0 chapter8/build/timer.o
 .bss           0x00000000c00051a8        0x0 chapter8/build/debug.o
 .bss           0x00000000c00051a8        0x0 chapter8/build/string.o
 .bss           0x00000000c00051a8        0x0 chapter8/build/bitmap.o
 .bss           0x00000000c00051a8        0x0 chapter8/build/memory.o
 *(COMMON)
 *fill*         0x00000000c00051a8       0x18 
 COMMON         0x00000000c00051c0      0x124 chapter8/build/interrupt.o
                0x00000000c00051c0                intr_name
                0x00000000c0005260                idt_table
 COMMON         0x00000000c00052e4       0x2c chapter8/build/memory.o
                0x00000000c00052e4                user_pool
                0x00000000c00052f4                kernel_vaddr
                0x00000000c0005300                kernel_pool
                0x00000000c0005310                . = ALIGN ((. != 0x0)?0x4:0x1)
                0x00000000c0005310                . = ALIGN (0x4)
                0x00000000c0005310                . = SEGMENT_START ("ldata-segment", .)
                0x00000000c0005310                . = ALIGN (0x4)
                0x00000000c0005310                _end = .
                [!provide]                        PROVIDE (end, .)
                0x00000000c0005310                . = DATA_SEGMENT_END (.)

.stab
 *(.stab)

.stabstr
 *(.stabstr)

.stab.excl
 *(.stab.excl)

.stab.exclstr
 *(.stab.exclstr)

.stab.index
 *(.stab.index)

.stab.indexstr
 *(.stab.indexstr)

.comment        0x0000000000000000       0x2d
 *(.comment)
 .comment       0x0000000000000000       0x2d chapter8/build/main.o
                                         0x2e (size before relaxing)
 .comment       0x000000000000002d       0x2e chapter8/build/init.o
 .comment       0x000000000000002d       0x2e chapter8/build/interrupt.o
 .comment       0x000000000000002d       0x2e chapter8/build/timer.o
 .comment       0x000000000000002d       0x2e chapter8/build/debug.o
 .comment       0x000000000000002d       0x2e chapter8/build/string.o
 .comment       0x000000000000002d       0x2e chapter8/build/bitmap.o
 .comment       0x000000000000002d       0x2e chapter8/build/memory.o

.debug
 *(.debug)

.line
 *(.line)

.debug_srcinfo
 *(.debug_srcinfo)

.debug_sfnames
 *(.debug_sfnames)

.debug_aranges
 *(.debug_aranges)

.debug_pubnames
 *(.debug_pubnames)

.debug_info
 *(.debug_info .gnu.linkonce.wi.*)

.debug_abbrev
 *(.debug_abbrev)

.debug_line
 *(.debug_line .debug_line.* .debug_line_end)

.debug_frame
 *(.debug_frame)

.debug_str
 *(.debug_str)

.debug_loc
 *(.debug_loc)

.debug_macinfo
 *(.debug_macinfo)

.debug_weaknames
 *(.debug_weaknames)

.debug_funcnames
 *(.debug_funcnames)

.debug_typenames
 *(.debug_typenames)

.debug_varnames
 *(.debug_varnames)

.debug_pubtypes
 *(.debug_pubtypes)

.debug_ranges
 *(.debug_ranges)

.debug_macro
 *(.debug_macro)

.gnu.attributes
 *(.gnu.attributes)

/DISCARD/
 *(.note.GNU-stack)
 *(.gnu_debuglink)
 *(.gnu.lto_*)
OUTPUT(chapter8/build/kernel.bin elf32-i386)
