
Allocating common symbols
Common symbol       size              file

kbd_buf             0x6c              chapter11/build/keyboard.o
thread_ready_list   0x10              chapter11/build/thread.o
thread_all_list     0x10              chapter11/build/thread.o
user_pool           0x2c              chapter11/build/memory.o
intr_name           0xc0              chapter11/build/interrupt.o
main_thread         0x4               chapter11/build/thread.o
ticks               0x4               chapter11/build/timer.o
kernel_vaddr        0xc               chapter11/build/memory.o
idt_table           0xc0              chapter11/build/interrupt.o
kernel_pool         0x2c              chapter11/build/memory.o

Discarded input sections

 .note.GNU-stack
                0x0000000000000000        0x0 chapter11/build/main.o
 .note.GNU-stack
                0x0000000000000000        0x0 chapter11/build/init.o
 .note.GNU-stack
                0x0000000000000000        0x0 chapter11/build/interrupt.o
 .note.GNU-stack
                0x0000000000000000        0x0 chapter11/build/timer.o
 .note.GNU-stack
                0x0000000000000000        0x0 chapter11/build/debug.o
 .note.GNU-stack
                0x0000000000000000        0x0 chapter11/build/string.o
 .note.GNU-stack
                0x0000000000000000        0x0 chapter11/build/bitmap.o
 .note.GNU-stack
                0x0000000000000000        0x0 chapter11/build/memory.o
 .note.GNU-stack
                0x0000000000000000        0x0 chapter11/build/list.o
 .note.GNU-stack
                0x0000000000000000        0x0 chapter11/build/thread.o
 .note.GNU-stack
                0x0000000000000000        0x0 chapter11/build/sync.o
 .note.GNU-stack
                0x0000000000000000        0x0 chapter11/build/console.o
 .note.GNU-stack
                0x0000000000000000        0x0 chapter11/build/keyboard.o
 .note.GNU-stack
                0x0000000000000000        0x0 chapter11/build/ioqueue.o
 .note.GNU-stack
                0x0000000000000000        0x0 chapter11/build/tss.o

Memory Configuration

Name             Origin             Length             Attributes
*default*        0x0000000000000000 0xffffffffffffffff

Linker script and memory map

Address of section .text set to 0xc0001500
LOAD chapter11/build/main.o
LOAD chapter11/build/init.o
LOAD chapter11/build/interrupt.o
LOAD chapter11/build/timer.o
LOAD chapter11/build/kernel.o
LOAD chapter11/build/print.o
LOAD chapter11/build/debug.o
LOAD chapter11/build/string.o
LOAD chapter11/build/bitmap.o
LOAD chapter11/build/memory.o
LOAD chapter11/build/list.o
LOAD chapter11/build/thread.o
LOAD chapter11/build/switch.o
LOAD chapter11/build/sync.o
LOAD chapter11/build/console.o
LOAD chapter11/build/keyboard.o
LOAD chapter11/build/ioqueue.o
LOAD chapter11/build/tss.o
                [!provide]                        PROVIDE (__executable_start, 0x8048000)
                0x0000000008048094                . = (0x8048000 + SIZEOF_HEADERS)

.interp
 *(.interp)

.note.gnu.build-id
 *(.note.gnu.build-id)

.hash
 *(.hash)

.gnu.hash
 *(.gnu.hash)

.dynsym
 *(.dynsym)

.dynstr
 *(.dynstr)

.gnu.version
 *(.gnu.version)

.gnu.version_d
 *(.gnu.version_d)

.gnu.version_r
 *(.gnu.version_r)

.rel.dyn        0x0000000008048094        0x0
 *(.rel.init)
 *(.rel.text .rel.text.* .rel.gnu.linkonce.t.*)
 .rel.text      0x0000000008048094        0x0 chapter11/build/main.o
 *(.rel.fini)
 *(.rel.rodata .rel.rodata.* .rel.gnu.linkonce.r.*)
 *(.rel.data.rel.ro .rel.data.rel.ro.* .rel.gnu.linkonce.d.rel.ro.*)
 *(.rel.data .rel.data.* .rel.gnu.linkonce.d.*)
 *(.rel.tdata .rel.tdata.* .rel.gnu.linkonce.td.*)
 *(.rel.tbss .rel.tbss.* .rel.gnu.linkonce.tb.*)
 *(.rel.ctors)
 *(.rel.dtors)
 *(.rel.got)
 *(.rel.bss .rel.bss.* .rel.gnu.linkonce.b.*)
 *(.rel.ifunc)

.rel.plt        0x0000000008048094        0x0
 *(.rel.plt)
                [!provide]                        PROVIDE (__rel_iplt_start, .)
 *(.rel.iplt)
                [!provide]                        PROVIDE (__rel_iplt_end, .)

.init
 *(SORT(.init))

.plt
 *(.plt)
 *(.iplt)

.plt.got
 *(.plt.got)

.text           0x00000000c0001500     0x2dab
 *(.text.unlikely .text.*_unlikely .text.unlikely.*)
 *(.text.exit .text.exit.*)
 *(.text.startup .text.startup.*)
 *(.text.hot .text.hot.*)
 *(.text .stub .text.* .gnu.linkonce.t.*)
 .text          0x00000000c0001500      0x11d chapter11/build/main.o
                0x00000000c0001500                main
                0x00000000c0001569                k_thread_a
                0x00000000c00015c3                k_thread_b
 .text          0x00000000c000161d       0x32 chapter11/build/init.o
                0x00000000c000161d                init_all
 .text          0x00000000c000164f      0x3d6 chapter11/build/interrupt.o
                0x00000000c000192a                idt_init
                0x00000000c0001975                intr_enable
                0x00000000c000199e                intr_disable
                0x00000000c00019c7                intr_set_status
                0x00000000c00019e5                intr_get_status
                0x00000000c0001a09                register_handler
 .text          0x00000000c0001a25      0x18e chapter11/build/timer.o
                0x00000000c0001b53                timer_init
 *fill*         0x00000000c0001bb3        0xd 
 .text          0x00000000c0001bc0      0x541 chapter11/build/kernel.o
                0x00000000c0001bc0                intr_exit
 *fill*         0x00000000c0002101        0xf 
 .text          0x00000000c0002110      0x171 chapter11/build/print.o
                0x00000000c0002110                put_char
                0x00000000c00021dd                put_str
                0x00000000c00021fb                put_int
                0x00000000c000225e                set_cursor
 .text          0x00000000c0002281       0xa5 chapter11/build/debug.o
                0x00000000c0002281                panic_spin
 .text          0x00000000c0002326      0x450 chapter11/build/string.o
                0x00000000c0002326                memset
                0x00000000c0002382                memcpy
                0x00000000c00023ee                memcmp
                0x00000000c000247e                strcpy
                0x00000000c00024e0                strlen
                0x00000000c0002536                strcmp
                0x00000000c00025c7                strchr
                0x00000000c000262c                strrchr
                0x00000000c0002695                strcat
                0x00000000c0002709                strchrs
 .text          0x00000000c0002776      0x235 chapter11/build/bitmap.o
                0x00000000c0002776                bitmap_init
                0x00000000c000279d                bitmap_scan_test
                0x00000000c00027dd                bitmap_scan
                0x00000000c00028f0                bitmap_set
 .text          0x00000000c00029ab      0x681 chapter11/build/memory.o
                0x00000000c0002b61                mem_init
                0x00000000c0002f07                malloc_page
                0x00000000c0002fd1                get_kernel_pages
 .text          0x00000000c000302c      0x1e3 chapter11/build/list.o
                0x00000000c000302c                list_init
                0x00000000c0003059                list_insert_before
                0x00000000c000309a                list_push
                0x00000000c00030b7                list_append
                0x00000000c00030d4                list_remove
                0x00000000c000310a                list_pop
                0x00000000c0003129                elem_find
                0x00000000c0003164                list_traversal
                0x00000000c00031c1                list_len
                0x00000000c00031f6                list_empty
 .text          0x00000000c000320f      0x58e chapter11/build/thread.o
                0x00000000c0003227                init_thread
                0x00000000c00032c2                thread_create
                0x00000000c0003336                thread_start
                0x00000000c000342a                running_thread
                0x00000000c00034c6                schedule
                0x00000000c00035ee                thread_init
                0x00000000c000362b                thread_block
                0x00000000c0003692                thread_unblock
 .text          0x00000000c000379d      0x347 chapter11/build/sync.o
                0x00000000c000379d                sema_init
                0x00000000c00037c2                lock_init
                0x00000000c00037f3                sema_down
                0x00000000c0003907                sema_up
                0x00000000c00039bd                lock_acquire
                0x00000000c0003a39                lock_release
 .text          0x00000000c0003ae4       0x9a chapter11/build/console.o
                0x00000000c0003ae4                console_init
                0x00000000c0003af8                console_acquire
                0x00000000c0003b0c                console_release
                0x00000000c0003b20                console_put_str
                0x00000000c0003b3d                console_put_char
                0x00000000c0003b61                console_put_int
 .text          0x00000000c0003b7e      0x2cd chapter11/build/keyboard.o
                0x00000000c0003e0b                keyboard_init
 .text          0x00000000c0003e4b      0x2ef chapter11/build/ioqueue.o
                0x00000000c0003e4b                ioqueue_init
                0x00000000c0003ea6                ioq_full
                0x00000000c0003ef7                ioq_empty
                0x00000000c0003fde                ioq_getchar
                0x00000000c000408b                ioq_putchar
 .text          0x00000000c000413a      0x171 chapter11/build/tss.o
                0x00000000c000413a                update_tss_esp
                0x00000000c00041bb                tss_init
 *(.gnu.warning)

.fini
 *(SORT(.fini))
                [!provide]                        PROVIDE (__etext, .)
                [!provide]                        PROVIDE (_etext, .)
                [!provide]                        PROVIDE (etext, .)

.rodata         0x00000000c00042ac      0xb3b
 *(.rodata .rodata.* .gnu.linkonce.r.*)
 .rodata        0x00000000c00042ac       0x29 chapter11/build/main.o
 .rodata        0x00000000c00042d5        0xb chapter11/build/init.o
 .rodata        0x00000000c00042e0      0x2bf chapter11/build/interrupt.o
 *fill*         0x00000000c000459f        0x1 
 .rodata        0x00000000c00045a0       0x75 chapter11/build/timer.o
 .rodata        0x00000000c0004615       0x3e chapter11/build/debug.o
 .rodata        0x00000000c0004653       0xad chapter11/build/string.o
 .rodata        0x00000000c0004700       0x42 chapter11/build/bitmap.o
 *fill*         0x00000000c0004742        0x2 
 .rodata        0x00000000c0004744      0x1d1 chapter11/build/memory.o
 *fill*         0x00000000c0004915        0x3 
 .rodata        0x00000000c0004918      0x2a8 chapter11/build/thread.o
 .rodata        0x00000000c0004bc0      0x12b chapter11/build/sync.o
 .rodata        0x00000000c0004ceb       0x39 chapter11/build/keyboard.o
 .rodata        0x00000000c0004d24       0x9c chapter11/build/ioqueue.o
 .rodata        0x00000000c0004dc0       0x27 chapter11/build/tss.o

.text:          0x00000000c0004de7       0x15
 .text:         0x00000000c0004de7       0x15 chapter11/build/switch.o
                0x00000000c0004de7                switch_to

.rodata1
 *(.rodata1)

.eh_frame_hdr
 *(.eh_frame_hdr)
 *(.eh_frame_entry .eh_frame_entry.*)

.eh_frame       0x00000000c0004dfc      0xb6c
 *(.eh_frame)
 .eh_frame      0x00000000c0004dfc       0x6c chapter11/build/main.o
 .eh_frame      0x00000000c0004e68       0x20 chapter11/build/init.o
                                         0x38 (size before relaxing)
 .eh_frame      0x00000000c0004e88      0x180 chapter11/build/interrupt.o
                                        0x198 (size before relaxing)
 .eh_frame      0x00000000c0005008       0x8c chapter11/build/timer.o
                                         0xa4 (size before relaxing)
 .eh_frame      0x00000000c0005094       0x1c chapter11/build/debug.o
                                         0x34 (size before relaxing)
 .eh_frame      0x00000000c00050b0      0x140 chapter11/build/string.o
                                        0x158 (size before relaxing)
 .eh_frame      0x00000000c00051f0       0x8c chapter11/build/bitmap.o
                                         0xa4 (size before relaxing)
 .eh_frame      0x00000000c000527c      0x120 chapter11/build/memory.o
                                        0x138 (size before relaxing)
 .eh_frame      0x00000000c000539c      0x140 chapter11/build/list.o
                                        0x158 (size before relaxing)
 .eh_frame      0x00000000c00054dc      0x140 chapter11/build/thread.o
                                        0x158 (size before relaxing)
 .eh_frame      0x00000000c000561c       0xc8 chapter11/build/sync.o
                                         0xe0 (size before relaxing)
 .eh_frame      0x00000000c00056e4       0xc0 chapter11/build/console.o
                                         0xd8 (size before relaxing)
 .eh_frame      0x00000000c00057a4       0x60 chapter11/build/keyboard.o
                                         0x78 (size before relaxing)
 .eh_frame      0x00000000c0005804      0x100 chapter11/build/ioqueue.o
                                        0x118 (size before relaxing)
 .eh_frame      0x00000000c0005904       0x64 chapter11/build/tss.o
                                         0x7c (size before relaxing)
 *(.eh_frame.*)

.gcc_except_table
 *(.gcc_except_table .gcc_except_table.*)

.gnu_extab
 *(.gnu_extab*)

.exception_ranges
 *(.exception_ranges .exception_ranges*)
                0x00000000c0007000                . = DATA_SEGMENT_ALIGN (0x1000, 0x1000)

.eh_frame
 *(.eh_frame)
 *(.eh_frame.*)

.gnu_extab
 *(.gnu_extab)

.gcc_except_table
 *(.gcc_except_table .gcc_except_table.*)

.exception_ranges
 *(.exception_ranges .exception_ranges*)

.tdata
 *(.tdata .tdata.* .gnu.linkonce.td.*)

.tbss
 *(.tbss .tbss.* .gnu.linkonce.tb.*)
 *(.tcommon)

.preinit_array  0x00000000c0007000        0x0
                [!provide]                        PROVIDE (__preinit_array_start, .)
 *(.preinit_array)
                [!provide]                        PROVIDE (__preinit_array_end, .)

.init_array     0x00000000c0007000        0x0
                [!provide]                        PROVIDE (__init_array_start, .)
 *(SORT(.init_array.*) SORT(.ctors.*))
 *(.init_array EXCLUDE_FILE(*crtend?.o *crtend.o *crtbegin?.o *crtbegin.o) .ctors)
                [!provide]                        PROVIDE (__init_array_end, .)

.fini_array     0x00000000c0007000        0x0
                [!provide]                        PROVIDE (__fini_array_start, .)
 *(SORT(.fini_array.*) SORT(.dtors.*))
 *(.fini_array EXCLUDE_FILE(*crtend?.o *crtend.o *crtbegin?.o *crtbegin.o) .dtors)
                [!provide]                        PROVIDE (__fini_array_end, .)

.ctors
 *crtbegin.o(.ctors)
 *crtbegin?.o(.ctors)
 *(EXCLUDE_FILE(*crtend?.o *crtend.o) .ctors)
 *(SORT(.ctors.*))
 *(.ctors)

.dtors
 *crtbegin.o(.dtors)
 *crtbegin?.o(.dtors)
 *(EXCLUDE_FILE(*crtend?.o *crtend.o) .dtors)
 *(SORT(.dtors.*))
 *(.dtors)

.jcr
 *(.jcr)

.data.rel.ro
 *(.data.rel.ro.local* .gnu.linkonce.d.rel.ro.local.*)
 *(.data.rel.ro .data.rel.ro.* .gnu.linkonce.d.rel.ro.*)

.dynamic
 *(.dynamic)

.got
 *(.got)
 *(.igot)
                0x00000000c0007000                . = DATA_SEGMENT_RELRO_END (., (SIZEOF (.got.plt) >= 0xc)?0xc:0x0)

.got.plt        0x00000000c0007000        0x0
 *(.got.plt)
 *(.igot.plt)

.data           0x00000000c0007000      0x156
 *(.data .data.* .gnu.linkonce.d.*)
 .data          0x00000000c0007000        0x0 chapter11/build/main.o
 .data          0x00000000c0007000        0x0 chapter11/build/init.o
 .data          0x00000000c0007000        0x0 chapter11/build/interrupt.o
 .data          0x00000000c0007000        0x0 chapter11/build/timer.o
 .data          0x00000000c0007000       0xd4 chapter11/build/kernel.o
                0x00000000c0007014                intr_entry_table
 .data          0x00000000c00070d4        0x8 chapter11/build/print.o
 .data          0x00000000c00070dc        0x0 chapter11/build/debug.o
 .data          0x00000000c00070dc        0x0 chapter11/build/string.o
 .data          0x00000000c00070dc        0x0 chapter11/build/bitmap.o
 .data          0x00000000c00070dc        0x0 chapter11/build/memory.o
 .data          0x00000000c00070dc        0x0 chapter11/build/list.o
 .data          0x00000000c00070dc        0x0 chapter11/build/thread.o
 .data          0x00000000c00070dc        0x0 chapter11/build/sync.o
 .data          0x00000000c00070dc        0x0 chapter11/build/console.o
 *fill*         0x00000000c00070dc        0x4 
 .data          0x00000000c00070e0       0x76 chapter11/build/keyboard.o
 .data          0x00000000c0007156        0x0 chapter11/build/ioqueue.o
 .data          0x00000000c0007156        0x0 chapter11/build/tss.o

.data1
 *(.data1)
                0x00000000c0007156                _edata = .
                [!provide]                        PROVIDE (edata, .)
                0x00000000c0007156                . = .
                0x00000000c0007156                __bss_start = .

.bss            0x00000000c0007160      0x4ec
 *(.dynbss)
 *(.bss .bss.* .gnu.linkonce.b.*)
 .bss           0x00000000c0007160        0x0 chapter11/build/main.o
 .bss           0x00000000c0007160        0x0 chapter11/build/init.o
 .bss           0x00000000c0007160      0x180 chapter11/build/interrupt.o
 .bss           0x00000000c00072e0        0x0 chapter11/build/timer.o
 .bss           0x00000000c00072e0        0x0 chapter11/build/debug.o
 .bss           0x00000000c00072e0        0x0 chapter11/build/string.o
 .bss           0x00000000c00072e0        0x0 chapter11/build/bitmap.o
 .bss           0x00000000c00072e0        0x0 chapter11/build/memory.o
 .bss           0x00000000c00072e0        0x0 chapter11/build/list.o
 .bss           0x00000000c00072e0        0x4 chapter11/build/thread.o
 .bss           0x00000000c00072e4        0x0 chapter11/build/sync.o
 .bss           0x00000000c00072e4       0x1c chapter11/build/console.o
 .bss           0x00000000c0007300       0x14 chapter11/build/keyboard.o
 .bss           0x00000000c0007314        0x0 chapter11/build/ioqueue.o
 *fill*         0x00000000c0007314        0xc 
 .bss           0x00000000c0007320       0x6c chapter11/build/tss.o
 *(COMMON)
 *fill*         0x00000000c000738c       0x14 
 COMMON         0x00000000c00073a0      0x180 chapter11/build/interrupt.o
                0x00000000c00073a0                intr_name
                0x00000000c0007460                idt_table
 COMMON         0x00000000c0007520        0x4 chapter11/build/timer.o
                0x00000000c0007520                ticks
 *fill*         0x00000000c0007524       0x1c 
 COMMON         0x00000000c0007540       0x6c chapter11/build/memory.o
                0x00000000c0007540                user_pool
                0x00000000c000756c                kernel_vaddr
                0x00000000c0007580                kernel_pool
 COMMON         0x00000000c00075ac       0x24 chapter11/build/thread.o
                0x00000000c00075ac                thread_ready_list
                0x00000000c00075bc                thread_all_list
                0x00000000c00075cc                main_thread
 *fill*         0x00000000c00075d0       0x10 
 COMMON         0x00000000c00075e0       0x6c chapter11/build/keyboard.o
                0x00000000c00075e0                kbd_buf
                0x00000000c000764c                . = ALIGN ((. != 0x0)?0x4:0x1)
                0x00000000c000764c                . = ALIGN (0x4)
                0x00000000c000764c                . = SEGMENT_START ("ldata-segment", .)
                0x00000000c000764c                . = ALIGN (0x4)
                0x00000000c000764c                _end = .
                [!provide]                        PROVIDE (end, .)
                0x00000000c000764c                . = DATA_SEGMENT_END (.)

.stab
 *(.stab)

.stabstr
 *(.stabstr)

.stab.excl
 *(.stab.excl)

.stab.exclstr
 *(.stab.exclstr)

.stab.index
 *(.stab.index)

.stab.indexstr
 *(.stab.indexstr)

.comment        0x0000000000000000       0x2d
 *(.comment)
 .comment       0x0000000000000000       0x2d chapter11/build/main.o
                                         0x2e (size before relaxing)
 .comment       0x000000000000002d       0x2e chapter11/build/init.o
 .comment       0x000000000000002d       0x2e chapter11/build/interrupt.o
 .comment       0x000000000000002d       0x2e chapter11/build/timer.o
 .comment       0x000000000000002d       0x2e chapter11/build/debug.o
 .comment       0x000000000000002d       0x2e chapter11/build/string.o
 .comment       0x000000000000002d       0x2e chapter11/build/bitmap.o
 .comment       0x000000000000002d       0x2e chapter11/build/memory.o
 .comment       0x000000000000002d       0x2e chapter11/build/list.o
 .comment       0x000000000000002d       0x2e chapter11/build/thread.o
 .comment       0x000000000000002d       0x2e chapter11/build/sync.o
 .comment       0x000000000000002d       0x2e chapter11/build/console.o
 .comment       0x000000000000002d       0x2e chapter11/build/keyboard.o
 .comment       0x000000000000002d       0x2e chapter11/build/ioqueue.o
 .comment       0x000000000000002d       0x2e chapter11/build/tss.o

.debug
 *(.debug)

.line
 *(.line)

.debug_srcinfo
 *(.debug_srcinfo)

.debug_sfnames
 *(.debug_sfnames)

.debug_aranges
 *(.debug_aranges)

.debug_pubnames
 *(.debug_pubnames)

.debug_info
 *(.debug_info .gnu.linkonce.wi.*)

.debug_abbrev
 *(.debug_abbrev)

.debug_line
 *(.debug_line .debug_line.* .debug_line_end)

.debug_frame
 *(.debug_frame)

.debug_str
 *(.debug_str)

.debug_loc
 *(.debug_loc)

.debug_macinfo
 *(.debug_macinfo)

.debug_weaknames
 *(.debug_weaknames)

.debug_funcnames
 *(.debug_funcnames)

.debug_typenames
 *(.debug_typenames)

.debug_varnames
 *(.debug_varnames)

.debug_pubtypes
 *(.debug_pubtypes)

.debug_ranges
 *(.debug_ranges)

.debug_macro
 *(.debug_macro)

.gnu.attributes
 *(.gnu.attributes)

/DISCARD/
 *(.note.GNU-stack)
 *(.gnu_debuglink)
 *(.gnu.lto_*)
OUTPUT(chapter11/build/kernel.bin elf32-i386)
